// Jest Snapshot v1, https://goo.gl/fbAQLP

exports[`should take a snapshot 1`] = `
<DocumentFragment>
  <div
    class="container"
  >
    <h1
      class="heading"
      data-testid="heading"
    >
      Recently played
    </h1>
    <div
      data-testid="decks"
    >
      <div
        class="noDecks"
      >
        You haven't completed a session yet!
      </div>
    </div>
  </div>
</DocumentFragment>
`;
