// Jest Snapshot v1, https://goo.gl/fbAQLP

exports[`renders fine without crashing 1`] = `
<div>
  <main>
    <h1>
      This is Home!
    </h1>
  </main>
</div>
`;
