// Jest Snapshot v1, https://goo.gl/fbAQLP

exports[`renders without crashing 1`] = `
<div>
  <div>
    <h2>
      You have no decks right now
    </h2>
  </div>
</div>
`;
